slkjhb
skfjv
sa.fkb
f.kjvb

